[ArmyController] v115 Follow3 TrailBlock controller started (true, all, debug false)
[WAR EMPIRE] ArmyPlan Init
[ARMY DESTINATION] shaunie6 old=nil new=(506,0,0) source=ArmyPlan.Send/March
[ARMY PATH] shaunie6 start=(182,0,-0) dest=(506,0,0) distance=324 status=Success waypoints=41
[ARMY STATE] shaunie6 Following -> TravellingToBase SOURCE=SEND base 9 mode=Attack target=Chaplin606's base
[ARMY MOVE] shaunie6 travel started -> plot 9 dest=(506,0,0) units=24
S_SEND	true	Your army 60,000 vs defences 2,500: much stronger: half loot
[ARMY MOVE] shaunie6 Send/March block=(182,0,-0) lead=(205,0,-0) to dest 324 studs, lead 14 studs/s, lost 0
[ARMY MOVE] shaunie6 Send/March block=(213,0,-0) lead=(239,0,-0) to dest 293 studs, lead 14 studs/s, lost 0
[ARMY MOVE] shaunie6 Send/March block=(247,0,-0) lead=(272,0,-0) to dest 259 studs, lead 14 studs/s, lost 0
[ARMY MOVE] shaunie6 Send/March block=(280,0,-0) lead=(306,0,-0) to dest 226 studs, lead 14 studs/s, lost 0
[ARMY MOVE] shaunie6 Send/March block=(314,0,-0) lead=(339,0,-0) to dest 192 studs, lead 14 studs/s, lost 0
[ARMY MOVE] shaunie6 Send/March block=(343,0,4) lead=(373,0,-0) to dest 163 studs, lead 14 studs/s, lost 0
[ARMY MOVE] shaunie6 lead waiting for the block: gap 18 (max 18) block=(343,0,5) engaging=none
[ARMY MOVE] shaunie6 Send/March block=(366,0,2) lead=(401,0,-0) to dest 140 studs, lead 14 studs/s, lost 0
[ARMY MOVE] shaunie6 Send/March block=(410,0,0) lead=(435,0,-0) to dest 96 studs, lead 14 studs/s, lost 0
[ARMY MOVE] shaunie6 Send/March block=(443,0,0) lead=(468,0,-0) to dest 63 studs, lead 14 studs/s, lost 0
[ARMY MOVE] shaunie6 Send/March block=(477,0,-0) lead=(502,0,-0) to dest 29 studs, lead 14 studs/s, lost 0
[ARMY STATE] shaunie6 TravellingToBase -> EngagingTarget SOURCE=ArmyPlan Send/Siege mode=Attack target=Chaplin606's base
[ARMY SIEGE] shaunie6 target=Structure at (540,4,0) gate=93% enemy turrets=0 firing=8/24 breached=false
[ARMY SIEGE] shaunie6 target=Structure at (540,4,0) gate=63% enemy turrets=0 firing=23/24 breached=false
[ARMY SIEGE] shaunie6 target=Structure at (540,4,0) gate=24% enemy turrets=0 firing=24/24 breached=false
[ARMY DESTINATION] shaunie6 old=(506,0,0) new=(700,3,40) source=ArmyPlan.Send/Siege
[ARMY PATH] shaunie6 start=(509,0,-17) dest=(700,3,40) distance=200 status=Success waypoints=27
[ARMY SIEGE] shaunie6 target=Player at (620,3,12) gate=0% enemy turrets=0 firing=24/24 breached=true
[ARMY SIEGE] shaunie6 target=Player at (620,3,12) gate=0% enemy turrets=0 firing=0/24 breached=true
[ARMY SIEGE] shaunie6 target=none gate=0% enemy turrets=0 firing=5/24 breached=true
[ARMY SIEGE] shaunie6 target=none gate=0% enemy turrets=0 firing=0/24 breached=true
[ARMY SIEGE] shaunie6 target=none gate=0% enemy turrets=0 firing=0/24 breached=true
[ARMY SIEGE] shaunie6 target=none gate=0% enemy turrets=0 firing=0/24 breached=true
[ARMY SIEGE] shaunie6 target=none gate=0% enemy turrets=0 firing=0/24 breached=true
[ARMY SIEGE] shaunie6 target=none gate=0% enemy turrets=0 firing=0/24 breached=true
[ARMY SIEGE] shaunie6 target=none gate=0% enemy turrets=0 firing=0/24 breached=true
[ARMY DESTINATION] shaunie6 old=(700,3,40) new=(200,3,0) source=ArmyPlan.Return/Return
[ARMY PATH] shaunie6 start=(684,0,35) dest=(200,3,0) distance=485 status=Success waypoints=64
[ARMY STATE] shaunie6 EngagingTarget -> Recalling SOURCE=ArmyPlan.return looted mode=Attack
[ARMY STATE] shaunie6 Recalling -> Following SOURCE=ArmyPlan.finish Return mode=Follow
[ARMY MOVE] shaunie6 plan Return ended -> Following
S_GATE_SERIES 100,100,100,100,100,93,35,0,0,0,0,0,0,0,0,0,0,0,0,0,0,0,0,0,0,0,0,0,0,0,0,0,0,0,0,0,0
S_GATE_END 0
S_BREACHED true
S_ENTERED true
S_LOOTED 4321
S_KILLS 2
S_TARGETS Player=13,Structure=19,none=38
S_SHOTS fired=139 gatehits=125 nolos=0 outofband=436
S_CENTRE 217,1
S_TELEPORTS 0
S_UNITS_OUTSIDE 24
S_UNIT_POS 206,4 206,-3 205,9 206,-8 210,4 210,-3 209,9 210,-8 214,5 215,-2 214,10 215,-7 219,5 219,-2 218,10 219,-7 223,5 224,-2 223,10 224,-7 227,6 228,-1 227,11 228,-6
S_KILLED Hicktonn94;Chaplin606;
S_MARCH_MAXSTILL 0.0
S_PHASE_END none
S_STATUS Return: RETURNING
notify	shaunie6	Army left for Chaplin606's base
notify	Chaplin606	⚠ shaunie6's ARMY is marching on your base, ETA 0:29
notify	shaunie6	Arrived at Chaplin606's base
notify	shaunie6	Gate breached!
notify	shaunie6	Looted $4,321
notify	shaunie6	Army home
