[ArmyController] v115 Follow3 TrailBlock controller started (true, all, debug false)
[WAR EMPIRE] ArmyPlan Init
[ARMY DESTINATION] shaunie6 old=nil new=(506,0,0) source=ArmyPlan.Send/March
[ARMY PATH] shaunie6 start=(154,0,-0) dest=(506,0,0) distance=352 status=Success waypoints=45
[ARMY STATE] shaunie6 Following -> TravellingToBase SOURCE=SEND base 9 mode=Attack target=Chaplin606's base
[ARMY MOVE] shaunie6 travel started -> plot 9 dest=(506,0,0) units=75
S_SEND	true	Your army 60,000 vs defences 2,500: much stronger: half loot
[ARMY MOVE] shaunie6 Send/March block=(153,0,-0) lead=(206,0,-0) to dest 353 studs, lead 14 studs/s, lost 0
[ARMY MOVE] shaunie6 Send/March block=(185,0,-0) lead=(240,0,-0) to dest 321 studs, lead 14 studs/s, lost 0
[ARMY MOVE] shaunie6 Send/March block=(219,0,-0) lead=(273,0,-0) to dest 287 studs, lead 14 studs/s, lost 0
[ARMY MOVE] shaunie6 Send/March block=(253,0,-0) lead=(307,0,-0) to dest 253 studs, lead 14 studs/s, lost 0
[ARMY MOVE] shaunie6 Send/March block=(287,0,-0) lead=(341,0,-0) to dest 219 studs, lead 14 studs/s, lost 0
[ARMY MOVE] shaunie6 Send/March block=(320,0,-0) lead=(374,0,-0) to dest 186 studs, lead 14 studs/s, lost 0
[ARMY MOVE] shaunie6 Send/March block=(354,0,-0) lead=(408,0,-0) to dest 152 studs, lead 14 studs/s, lost 0
[ARMY MOVE] shaunie6 Send/March block=(388,0,-0) lead=(441,0,-0) to dest 118 studs, lead 14 studs/s, lost 0
[ARMY MOVE] shaunie6 Send/March block=(421,0,-0) lead=(475,0,-0) to dest 85 studs, lead 14 studs/s, lost 0
[ARMY MOVE] shaunie6 Send/March block=(455,0,-0) lead=(506,0,0) to dest 51 studs, lead 14 studs/s, lost 0
[ARMY STATE] shaunie6 TravellingToBase -> EngagingTarget SOURCE=ArmyPlan Send/Siege mode=Attack target=Chaplin606's base
[ARMY SIEGE] shaunie6 target=Structure at (540,4,0) gate=84% enemy turrets=0 firing=12/75 breached=false
[ARMY SIEGE] shaunie6 target=Structure at (540,4,0) gate=48% enemy turrets=0 firing=24/75 breached=false
[ARMY DESTINATION] shaunie6 old=(506,0,0) new=(700,3,40) source=ArmyPlan.Send/Siege
[ARMY PATH] shaunie6 start=(511,0,-38) dest=(700,3,40) distance=204 status=Success waypoints=29
[ARMY SIEGE] shaunie6 target=Player at (620,3,12) gate=0% enemy turrets=0 firing=35/75 breached=true
[ARMY SIEGE] shaunie6 target=Player at (620,3,12) gate=0% enemy turrets=0 firing=0/75 breached=true
[ARMY SIEGE] shaunie6 target=Player at (620,3,12) gate=0% enemy turrets=0 firing=1/75 breached=true
[ARMY SIEGE] shaunie6 target=Player at (620,3,12) gate=0% enemy turrets=0 firing=1/75 breached=true
[ARMY SIEGE] shaunie6 target=none gate=0% enemy turrets=0 firing=1/75 breached=true
[ARMY DESTINATION] shaunie6 old=(700,3,40) new=(700,3,40) source=ArmyPlan.Send/Loot
[ARMY PATH] shaunie6 start=(541,0,-33) dest=(700,3,40) distance=174 status=Success waypoints=22
[ARMY SIEGE] shaunie6 target=none gate=0% enemy turrets=0 firing=0/75 breached=true
[ARMY SIEGE] shaunie6 target=none gate=0% enemy turrets=0 firing=0/75 breached=true
[ARMY SIEGE] shaunie6 target=none gate=0% enemy turrets=0 firing=0/75 breached=true
[ARMY SIEGE] shaunie6 target=none gate=0% enemy turrets=0 firing=0/75 breached=true
[ARMY DESTINATION] shaunie6 old=(700,3,40) new=(700,3,40) source=ArmyPlan.Send/Loot
[ARMY PATH] shaunie6 start=(540,0,-28) dest=(700,3,40) distance=174 status=Success waypoints=22
[ARMY SIEGE] shaunie6 target=none gate=0% enemy turrets=0 firing=0/75 breached=true
[ARMY SIEGE] shaunie6 target=none gate=0% enemy turrets=0 firing=0/75 breached=true
[ARMY SIEGE] shaunie6 target=none gate=0% enemy turrets=0 firing=0/75 breached=true
[ARMY DESTINATION] shaunie6 old=(700,3,40) new=(700,3,40) source=ArmyPlan.Send/Loot
[ARMY PATH] shaunie6 start=(540,0,-24) dest=(700,3,40) distance=173 status=Success waypoints=28
[ARMY SIEGE] shaunie6 target=none gate=0% enemy turrets=0 firing=0/75 breached=true
[ARMY SIEGE] shaunie6 target=none gate=0% enemy turrets=0 firing=0/75 breached=true
[ARMY SIEGE] shaunie6 target=none gate=0% enemy turrets=0 firing=0/75 breached=true
[ARMY SIEGE] shaunie6 target=none gate=0% enemy turrets=0 firing=0/75 breached=true
[ARMY SIEGE] shaunie6 target=none gate=0% enemy turrets=0 firing=0/75 breached=true
[ARMY DESTINATION] shaunie6 old=(700,3,40) new=(700,3,40) source=ArmyPlan.Send/Loot
[ARMY PATH] shaunie6 start=(543,0,-3) dest=(700,3,40) distance=162 status=Success waypoints=21
[ARMY SIEGE] shaunie6 target=none gate=0% enemy turrets=0 firing=0/75 breached=true
[ARMY SIEGE] shaunie6 target=none gate=0% enemy turrets=0 firing=0/75 breached=true
[ARMY SIEGE] shaunie6 target=none gate=0% enemy turrets=0 firing=0/75 breached=true
[ARMY SIEGE] shaunie6 target=none gate=0% enemy turrets=0 firing=0/75 breached=true
[ARMY SIEGE] shaunie6 target=none gate=0% enemy turrets=0 firing=0/75 breached=true
[ARMY DESTINATION] shaunie6 old=(700,3,40) new=(700,3,40) source=ArmyPlan.Send/Loot
[ARMY PATH] shaunie6 start=(547,0,0) dest=(700,3,40) distance=158 status=Success waypoints=20
[ARMY SIEGE] shaunie6 target=none gate=0% enemy turrets=0 firing=0/75 breached=true
[ARMY SIEGE] shaunie6 target=none gate=0% enemy turrets=0 firing=0/75 breached=true
[ARMY SIEGE] shaunie6 target=none gate=0% enemy turrets=0 firing=0/75 breached=true
[ARMY SIEGE] shaunie6 target=none gate=0% enemy turrets=0 firing=0/75 breached=true
[ARMY DESTINATION] shaunie6 old=(700,3,40) new=(700,3,40) source=ArmyPlan.Send/Loot
[ARMY PATH] shaunie6 start=(549,0,2) dest=(700,3,40) distance=156 status=Success waypoints=20
[ARMY SIEGE] shaunie6 target=none gate=0% enemy turrets=0 firing=0/75 breached=true
[ARMY SIEGE] shaunie6 target=none gate=0% enemy turrets=0 firing=0/75 breached=true
[ARMY SIEGE] shaunie6 target=none gate=0% enemy turrets=0 firing=0/75 breached=true
[ARMY DESTINATION] shaunie6 old=(700,3,40) new=(700,3,40) source=ArmyPlan.Send/Loot
[ARMY PATH] shaunie6 start=(550,0,3) dest=(700,3,40) distance=154 status=Success waypoints=20
[ARMY SIEGE] shaunie6 target=none gate=0% enemy turrets=0 firing=0/75 breached=true
[ARMY SIEGE] shaunie6 target=none gate=0% enemy turrets=0 firing=0/75 breached=true
[ARMY SIEGE] shaunie6 target=none gate=0% enemy turrets=0 firing=0/75 breached=true
[ARMY SIEGE] shaunie6 target=none gate=0% enemy turrets=0 firing=0/75 breached=true
[ARMY DESTINATION] shaunie6 old=(700,3,40) new=(700,3,40) source=ArmyPlan.Send/Loot
[ARMY PATH] shaunie6 start=(549,0,3) dest=(700,3,40) distance=156 status=Success waypoints=20
[ARMY SIEGE] shaunie6 target=none gate=0% enemy turrets=0 firing=0/75 breached=true
[ARMY SIEGE] shaunie6 target=none gate=0% enemy turrets=0 firing=0/75 breached=true
[ARMY SIEGE] shaunie6 target=none gate=0% enemy turrets=0 firing=0/75 breached=true
[ARMY DESTINATION] shaunie6 old=(700,3,40) new=(700,3,40) source=ArmyPlan.Send/Loot
[ARMY PATH] shaunie6 start=(551,0,4) dest=(700,3,40) distance=153 status=Success waypoints=20
[ARMY SIEGE] shaunie6 target=none gate=0% enemy turrets=0 firing=0/75 breached=true
[ARMY SIEGE] shaunie6 target=none gate=0% enemy turrets=0 firing=0/75 breached=true
[ARMY SIEGE] shaunie6 target=none gate=0% enemy turrets=0 firing=0/75 breached=true
[ARMY DESTINATION] shaunie6 old=(700,3,40) new=(700,3,40) source=ArmyPlan.Send/Loot
[ARMY PATH] shaunie6 start=(550,0,4) dest=(700,3,40) distance=155 status=Success waypoints=20
[ARMY SIEGE] shaunie6 target=none gate=0% enemy turrets=0 firing=0/75 breached=true
[ARMY SIEGE] shaunie6 target=none gate=0% enemy turrets=0 firing=0/75 breached=true
[ARMY SIEGE] shaunie6 target=none gate=0% enemy turrets=0 firing=0/75 breached=true
[ARMY DESTINATION] shaunie6 old=(700,3,40) new=(700,3,40) source=ArmyPlan.Send/Loot
[ARMY PATH] shaunie6 start=(552,0,5) dest=(700,3,40) distance=152 status=Success waypoints=19
[ARMY SIEGE] shaunie6 target=none gate=0% enemy turrets=0 firing=0/75 breached=true
[ARMY SIEGE] shaunie6 target=none gate=0% enemy turrets=0 firing=0/75 breached=true
[ARMY SIEGE] shaunie6 target=none gate=0% enemy turrets=0 firing=0/75 breached=true
[ARMY DESTINATION] shaunie6 old=(700,3,40) new=(700,3,40) source=ArmyPlan.Send/Loot
[ARMY PATH] shaunie6 start=(550,0,5) dest=(700,3,40) distance=154 status=Success waypoints=20
[ARMY SIEGE] shaunie6 target=none gate=0% enemy turrets=0 firing=0/75 breached=true
[ARMY SIEGE] shaunie6 target=none gate=0% enemy turrets=0 firing=0/75 breached=true
[ARMY SIEGE] shaunie6 target=none gate=0% enemy turrets=0 firing=0/75 breached=true
[ARMY DESTINATION] shaunie6 old=(700,3,40) new=(700,3,40) source=ArmyPlan.Send/Loot
[ARMY PATH] shaunie6 start=(549,0,4) dest=(700,3,40) distance=155 status=Success waypoints=20
[ARMY SIEGE] shaunie6 target=none gate=0% enemy turrets=0 firing=0/75 breached=true
[ARMY SIEGE] shaunie6 target=none gate=0% enemy turrets=0 firing=0/75 breached=true
[ARMY SIEGE] shaunie6 target=none gate=0% enemy turrets=0 firing=0/75 breached=true
[ARMY SIEGE] shaunie6 target=none gate=0% enemy turrets=0 firing=0/75 breached=true
[ARMY DESTINATION] shaunie6 old=(700,3,40) new=(700,3,40) source=ArmyPlan.Send/Loot
[ARMY PATH] shaunie6 start=(552,0,5) dest=(700,3,40) distance=152 status=Success waypoints=19
[ARMY SIEGE] shaunie6 target=none gate=0% enemy turrets=0 firing=0/75 breached=true
[ARMY SIEGE] shaunie6 target=none gate=0% enemy turrets=0 firing=0/75 breached=true
[ARMY SIEGE] shaunie6 target=none gate=0% enemy turrets=0 firing=0/75 breached=true
[ARMY DESTINATION] shaunie6 old=(700,3,40) new=(700,3,40) source=ArmyPlan.Send/Loot
[ARMY PATH] shaunie6 start=(550,0,5) dest=(700,3,40) distance=154 status=Success waypoints=20
[ARMY SIEGE] shaunie6 target=none gate=0% enemy turrets=0 firing=0/75 breached=true
[ARMY SIEGE] shaunie6 target=none gate=0% enemy turrets=0 firing=0/75 breached=true
[ARMY SIEGE] shaunie6 target=none gate=0% enemy turrets=0 firing=0/75 breached=true
[ARMY DESTINATION] shaunie6 old=(700,3,40) new=(700,3,40) source=ArmyPlan.Send/Loot
[ARMY PATH] shaunie6 start=(552,0,5) dest=(700,3,40) distance=152 status=Success waypoints=20
[ARMY SIEGE] shaunie6 target=none gate=0% enemy turrets=0 firing=0/75 breached=true
S_GATE_SERIES 100,100,100,100,100,84,18,0,0,0,0,0,0,0,0,0,0,0,0,0,0,0,0,0,0,0,0,0,0,0,0,0,0,0,0,0,0,0,0,0,0,0
S_GATE_END 0
S_BREACHED true
S_ENTERED true
S_LOOTED 0
S_KILLS 1
S_TARGETS Player=23,Structure=16,none=331
S_SHOTS fired=134 gatehits=125 nolos=0 outofband=2525
S_CENTRE 550,5
S_TELEPORTS 0
S_MARCH_MAXSTILL 0.0
S_PHASE_END Loot
S_STATUS Loot: MARCHING -> the ATM 26 m
notify	shaunie6	Army left for Chaplin606's base
notify	Chaplin606	⚠ shaunie6's ARMY is marching on your base, ETA 0:29
notify	shaunie6	Arrived at Chaplin606's base
notify	shaunie6	Gate breached!
