[ArmyController] v115 Follow3 TrailBlock controller started (true, all, debug false)
[WAR EMPIRE] ArmyPlan Init
S_WARM Following
[SERVER ARMY] received player=shaunie6 command=Send target=A:Town
[SERVER ARMY] shaunie6 command=Send target=A:Town (Crossroads Town) kind=Area state=Following
[ARMY DESTINATION] shaunie6 old=nil new=(-100,1,0) source=ArmyPlan.Travel/March
[ARMY PATH] shaunie6 start=(-518,3,-0) dest=(-100,1,0) distance=418 status=Success waypoints=54
[ARMY STATE] shaunie6 Following -> TravellingToBase SOURCE=SEND A:Town mode=Attack target=Crossroads Town
[ARMY MOVE] shaunie6 travel started -> A:Town (Crossroads Town) approach=(-100,1,0) objective=(0,1,0) distance=418 units=24
[ARMY MOVE] shaunie6 Travel/March block=(-518,3,-0) lead=(-495,0,-0) to dest 418 studs, lead 14 studs/s, lost 0
[ARMY MOVE] shaunie6 Travel/March block=(-487,3,-0) lead=(-461,0,-0) to dest 387 studs, lead 14 studs/s, lost 0
[ARMY MOVE] shaunie6 Travel/March block=(-453,3,-0) lead=(-428,0,-0) to dest 353 studs, lead 14 studs/s, lost 0
S_BEFORE TravellingToBase
[SERVER ARMY] received player=shaunie6 command=Send target=S:CampViper
[SERVER ARMY] shaunie6 command=Send target=S:CampViper (Camp Viper) kind=Site state=TravellingToBase
[ARMY MOVE] shaunie6 plan Travel/March replaced by Travel
[ARMY DESTINATION] shaunie6 old=nil new=(-450,1,-574) source=ArmyPlan.Travel/March
[ARMY PATH] shaunie6 start=(-441,3,-0) dest=(-450,1,-574) distance=574 status=Success waypoints=72
[ARMY MOVE] shaunie6 travel started -> S:CampViper (Camp Viper) approach=(-450,1,-574) objective=(-450,1,-650) distance=574 units=24
S_AFTER TravellingToBase
S_TARGETS A:Town->S:CampViper
