[ArmyController] v115 Follow3 TrailBlock controller started (true, all, debug false)
[WAR EMPIRE] ArmyPlan Init
S_WARM Following
S_BEFORE Following
[SERVER ARMY] shaunie6 command=Attack state=Following plan=none source=test Attack
[ARMY MOVE] shaunie6 ATTACK probe from=(-500,3,0) radius=250 -> NPC at (-400,3,60)
[ARMY DESTINATION] shaunie6 old=nil new=(-400,3,60) source=ArmyPlan.Clear/March
[ARMY PATH] shaunie6 start=(-518,3,-0) dest=(-400,3,60) distance=132 status=Success waypoints=17
[ARMY STATE] shaunie6 Following -> Attacking SOURCE=ATTACK mode=Attack target=RidgeCamp
[ARMY MOVE] shaunie6 ATTACK started target=NPC RidgeCamp from=(-500,3,0)
S_OK true
S_AFTER Attacking
[ARMY DESTINATION] shaunie6 old=(-400,3,60) new=(-400,3,60) source=ArmyPlan.Clear/March
[ARMY PATH] shaunie6 start=(-512,3,-4) dest=(-400,3,60) distance=129 status=Success waypoints=17
[ARMY MOVE] shaunie6 Clear/March block=(-512,3,-4) lead=(-492,0,8) to dest 129 studs, lead 14 studs/s, lost 0
[ARMY DESTINATION] shaunie6 old=(-400,3,60) new=(-400,3,60) source=ArmyPlan.Clear/March
[ARMY PATH] shaunie6 start=(-513,3,1) dest=(-400,3,60) distance=127 status=Success waypoints=16
[ARMY DESTINATION] shaunie6 old=(-400,3,60) new=(-400,3,60) source=ArmyPlan.Clear/March
[ARMY PATH] shaunie6 start=(-502,3,-5) dest=(-400,3,60) distance=121 status=Success waypoints=16
[ARMY DESTINATION] shaunie6 old=(-400,3,60) new=(-400,3,60) source=ArmyPlan.Clear/March
[ARMY PATH] shaunie6 start=(-502,3,2) dest=(-400,3,60) distance=118 status=Success waypoints=15
[ARMY MOVE] shaunie6 Clear/March block=(-502,3,2) lead=(-482,0,14) to dest 118 studs, lead 14 studs/s, lost 0
[ARMY DESTINATION] shaunie6 old=(-400,3,60) new=(-400,3,60) source=ArmyPlan.Clear/March
[ARMY PATH] shaunie6 start=(-498,3,3) dest=(-400,3,60) distance=114 status=Success waypoints=15
[ARMY DESTINATION] shaunie6 old=(-400,3,60) new=(-400,3,60) source=ArmyPlan.Clear/March
[ARMY PATH] shaunie6 start=(-497,3,8) dest=(-400,3,60) distance=110 status=Success waypoints=14
[ARMY DESTINATION] shaunie6 old=(-400,3,60) new=(-400,3,60) source=ArmyPlan.Clear/March
[ARMY PATH] shaunie6 start=(-492,3,4) dest=(-400,3,60) distance=108 status=Success waypoints=14
[ARMY MOVE] shaunie6 Clear/March block=(-492,3,4) lead=(-472,0,16) to dest 108 studs, lead 14 studs/s, lost 0
[ARMY DESTINATION] shaunie6 old=(-400,3,60) new=(-400,3,60) source=ArmyPlan.Clear/March
[ARMY PATH] shaunie6 start=(-493,3,13) dest=(-400,3,60) distance=105 status=Success waypoints=14
[ARMY DESTINATION] shaunie6 old=(-400,3,60) new=(-400,3,60) source=ArmyPlan.Clear/March
[ARMY PATH] shaunie6 start=(-487,3,9) dest=(-400,3,60) distance=101 status=Success waypoints=13
[ARMY DESTINATION] shaunie6 old=(-400,3,60) new=(-400,3,60) source=ArmyPlan.Clear/March
[ARMY PATH] shaunie6 start=(-488,3,15) dest=(-400,3,60) distance=98 status=Success waypoints=13
[ARMY MOVE] shaunie6 Clear/March block=(-488,3,15) lead=(-466,0,26) to dest 98 studs, lead 14 studs/s, lost 0
[ARMY DESTINATION] shaunie6 old=(-400,3,60) new=(-400,3,60) source=ArmyPlan.Clear/March
[ARMY PATH] shaunie6 start=(-481,3,12) dest=(-400,3,60) distance=94 status=Success waypoints=12
[ARMY DESTINATION] shaunie6 old=(-400,3,60) new=(-400,3,60) source=ArmyPlan.Clear/March
[ARMY PATH] shaunie6 start=(-484,3,18) dest=(-400,3,60) distance=94 status=Success waypoints=12
[ARMY DESTINATION] shaunie6 old=(-400,3,60) new=(-400,3,60) source=ArmyPlan.Clear/March
[ARMY PATH] shaunie6 start=(-474,3,14) dest=(-400,3,60) distance=87 status=Success waypoints=11
[ARMY MOVE] shaunie6 Clear/March block=(-474,3,14) lead=(-454,0,27) to dest 87 studs, lead 14 studs/s, lost 0
[ARMY DESTINATION] shaunie6 old=(-400,3,60) new=(-400,3,60) source=ArmyPlan.Clear/March
[ARMY PATH] shaunie6 start=(-475,3,21) dest=(-400,3,60) distance=84 status=Success waypoints=11
[ARMY DESTINATION] shaunie6 old=(-400,3,60) new=(-400,3,60) source=ArmyPlan.Clear/March
[ARMY PATH] shaunie6 start=(-468,3,17) dest=(-400,3,60) distance=81 status=Success waypoints=11
[ARMY DESTINATION] shaunie6 old=(-400,3,60) new=(-400,3,60) source=ArmyPlan.Clear/March
[ARMY PATH] shaunie6 start=(-469,3,24) dest=(-400,3,60) distance=78 status=Success waypoints=10
[ARMY MOVE] shaunie6 Clear/March block=(-469,3,24) lead=(-448,0,35) to dest 78 studs, lead 14 studs/s, lost 0
[ARMY DESTINATION] shaunie6 old=(-400,3,60) new=(-400,3,60) source=ArmyPlan.Clear/March
[ARMY PATH] shaunie6 start=(-463,3,18) dest=(-400,3,60) distance=76 status=Success waypoints=10
[ARMY DESTINATION] shaunie6 old=(-400,3,60) new=(-400,3,60) source=ArmyPlan.Clear/March
[ARMY PATH] shaunie6 start=(-463,3,26) dest=(-400,3,60) distance=72 status=Success waypoints=9
S_LATER Attacking
